todo: wait for ability to write interactive checker